[portotheme.com/html/porto_ecommerce/demo_13/index.html]
[backblue.gif]
[fade.gif]
[index.html]
[portotheme.com/html/porto_ecommerce/demo_13/assets/images/icons/favicon.ico]
[portotheme.com/html/porto_ecommerce/demo_13/assets/js/webfont.js]
[portotheme.com/html/porto_ecommerce/demo_13/assets/css/bootstrap.min.css]
[portotheme.com/html/porto_ecommerce/demo_13/assets/css/style.min.css]
[portotheme.com/html/porto_ecommerce/demo_13/assets/css/animate.min.css]
[portotheme.com/html/porto_ecommerce/demo_13/assets/vendor/fontawesome-free/css/all.min.css]
[portotheme.com/html/porto_ecommerce/demo_13/category.html]
[portotheme.com/html/porto_ecommerce/demo_13/category-banner-boxed-slider.html]
[portotheme.com/html/porto_ecommerce/demo_13/category-banner-boxed-image.html]
[portotheme.com/html/porto_ecommerce/demo_13/category-sidebar-right.html]
[portotheme.com/html/porto_ecommerce/demo_13/category-flex-grid.html]
[portotheme.com/html/porto_ecommerce/demo_13/category-horizontal-filter1.html]
[portotheme.com/html/porto_ecommerce/demo_13/category-horizontal-filter2.html]
[portotheme.com/html/porto_ecommerce/demo_13/category-list.html]
[portotheme.com/html/porto_ecommerce/demo_13/category-infinite-scroll.html]
[portotheme.com/html/porto_ecommerce/demo_13/category-4col.html]
[portotheme.com/html/porto_ecommerce/demo_13/category-5col.html]
[portotheme.com/html/porto_ecommerce/demo_13/category-6col.html]
[portotheme.com/html/porto_ecommerce/demo_13/category-7col.html]
[portotheme.com/html/porto_ecommerce/demo_13/category-8col.html]
[portotheme.com/html/porto_ecommerce/demo_13/assets/images/menu-banner.jpg]
[portotheme.com/html/porto_ecommerce/demo_13/product.html]
[portotheme.com/html/porto_ecommerce/demo_13/product-full-width.html]
[portotheme.com/html/porto_ecommerce/demo_13/product-sidebar-left.html]
[portotheme.com/html/porto_ecommerce/demo_13/product-addcart-sticky.html]
[portotheme.com/html/porto_ecommerce/demo_13/product-sticky-tab.html]
[portotheme.com/html/porto_ecommerce/demo_13/product-simple.html]
[portotheme.com/html/porto_ecommerce/demo_13/product-extended-layout.html]
[portotheme.com/html/porto_ecommerce/demo_13/product-grid-layout.html]
[portotheme.com/html/porto_ecommerce/demo_13/product-sticky-both.html]
[portotheme.com/html/porto_ecommerce/demo_13/product-sticky-info.html]
[portotheme.com/html/porto_ecommerce/demo_13/assets/images/menu-bg.png]
[portotheme.com/html/porto_ecommerce/demo_13/cart.html]
[portotheme.com/html/porto_ecommerce/demo_13/checkout-shipping.html]
[portotheme.com/html/porto_ecommerce/demo_13/checkout-shipping-2.html]
[portotheme.com/html/porto_ecommerce/demo_13/checkout-review.html]
[portotheme.com/html/porto_ecommerce/demo_13/dashboard.html]
[portotheme.com/html/porto_ecommerce/demo_13/my-account.html]
[portotheme.com/html/porto_ecommerce/demo_13/about.html]
[portotheme.com/html/porto_ecommerce/demo_13/blog.html]
[portotheme.com/html/porto_ecommerce/demo_13/single.html]
[portotheme.com/html/porto_ecommerce/demo_13/contact.html]
[portotheme.com/html/porto_ecommerce/demo_13/forgot-password.html]
[portotheme.com/html/porto_ecommerce/demo_13/assets/images/logo.png]
[portotheme.com/html/porto_ecommerce/demo_13/assets/images/flags/en.png]
[portotheme.com/html/porto_ecommerce/demo_13/assets/images/flags/fr.png]
[portotheme.com/html/porto_ecommerce/demo_13/login.html]
[portotheme.com/html/porto_ecommerce/demo_13/assets/images/products/cart/product-1.jpg]
[portotheme.com/html/porto_ecommerce/demo_13/assets/images/products/cart/product-2.jpg]
[portotheme.com/html/porto_ecommerce/demo_13/assets/images/slider/slide-1.jpg]
[portotheme.com/html/porto_ecommerce/demo_13/assets/images/slider/slide-2.mp4]
[portotheme.com/html/porto_ecommerce/demo_13/assets/images/banners/banner-1.jpg]
[portotheme.com/html/porto_ecommerce/demo_13/assets/images/banners/banner-2.jpg]
[portotheme.com/html/porto_ecommerce/demo_13/assets/images/banners/banner-3.jpg]
[portotheme.com/html/porto_ecommerce/demo_13/assets/images/banners/banner-4.jpg]
[portotheme.com/html/porto_ecommerce/demo_13/assets/images/bg-1.jpg]
[portotheme.com/html/porto_ecommerce/demo_13/assets/images/products/product-1.jpg]
[portotheme.com/html/porto_ecommerce/demo_13/ajax/product-quick-view.html]
[portotheme.com/html/porto_ecommerce/demo_13/assets/images/products/product-2.jpg]
[portotheme.com/html/porto_ecommerce/demo_13/assets/images/bg-2.jpg]
[portotheme.com/html/porto_ecommerce/demo_13/assets/images/products/product-4.jpg]
[portotheme.com/html/porto_ecommerce/demo_13/assets/images/products/product-3.jpg]
[portotheme.com/html/porto_ecommerce/demo_13/assets/images/products/product-5.jpg]
[portotheme.com/html/porto_ecommerce/demo_13/assets/images/products/product-6.jpg]
[portotheme.com/html/porto_ecommerce/demo_13/assets/images/products/product-7.jpg]
[portotheme.com/html/porto_ecommerce/demo_13/assets/images/products/product-8.jpg]
[portotheme.com/html/porto_ecommerce/demo_13/assets/images/products/product-9.jpg]
[portotheme.com/html/porto_ecommerce/demo_13/assets/images/products/product-10.jpg]
[portotheme.com/html/porto_ecommerce/demo_13/assets/images/payments.png]
[portotheme.com/html/porto_ecommerce/demo_13/category-banner-full-width.html]
[portotheme.com/html/porto_ecommerce/demo_13/category-sidebar-left.html]
[portotheme.com/html/porto_ecommerce/demo_13/category-3col.html]
[portotheme.com/html/porto_ecommerce/demo_13/assets/images/newsletter_popup_bg.jpg]
[portotheme.com/html/porto_ecommerce/demo_13/assets/images/logo-black.png]
[portotheme.com/html/porto_ecommerce/demo_13/assets/js/jquery.min.js]
[portotheme.com/html/porto_ecommerce/demo_13/assets/js/bootstrap.bundle.min.js]
[portotheme.com/html/porto_ecommerce/demo_13/assets/js/plugins.min.js]
[portotheme.com/html/porto_ecommerce/demo_13/assets/js/jquery.appear.min.js]
[portotheme.com/html/porto_ecommerce/demo_13/index.html]
[portotheme.com/html/porto_ecommerce/demo_13/assets/css/bootstrap.min.css]
[portotheme.com/html/porto_ecommerce/demo_13/assets/js/main.min.js]
[www.portotheme.com/html/porto_ecommerce/demo_13/assets/images/owl.video.play.53.delayed]
[portotheme.com/html/porto_ecommerce/demo_13/assets/fonts/porto6e1d.eot]
[portotheme.com/html/porto_ecommerce/demo_13/assets/fonts/porto6e1d.woff2]
[portotheme.com/html/porto_ecommerce/demo_13/assets/fonts/porto6e1d.woff]
[portotheme.com/html/porto_ecommerce/demo_13/assets/fonts/porto6e1d.ttf]
[portotheme.com/html/porto_ecommerce/demo_13/assets/css/style.min.css]
[portotheme.com/html/porto_ecommerce/demo_13/assets/css/animate.min.css]
[portotheme.com/html/porto_ecommerce/demo_13/assets/vendor/fontawesome-free/webfonts/fa-brands-400.eot]
[portotheme.com/html/porto_ecommerce/demo_13/assets/vendor/fontawesome-free/webfonts/fa-brands-400d41d.eot]
[portotheme.com/html/porto_ecommerce/demo_13/assets/vendor/fontawesome-free/webfonts/fa-brands-400.woff2]
[portotheme.com/html/porto_ecommerce/demo_13/assets/vendor/fontawesome-free/webfonts/fa-brands-400.woff]
[portotheme.com/html/porto_ecommerce/demo_13/assets/vendor/fontawesome-free/webfonts/fa-brands-400.ttf]
[portotheme.com/html/porto_ecommerce/demo_13/assets/vendor/fontawesome-free/webfonts/fa-regular-400.eot]
[portotheme.com/html/porto_ecommerce/demo_13/assets/vendor/fontawesome-free/webfonts/fa-regular-400d41d.eot]
[portotheme.com/html/porto_ecommerce/demo_13/assets/vendor/fontawesome-free/webfonts/fa-regular-400.woff2]
[portotheme.com/html/porto_ecommerce/demo_13/assets/vendor/fontawesome-free/webfonts/fa-regular-400.woff]
[portotheme.com/html/porto_ecommerce/demo_13/assets/vendor/fontawesome-free/webfonts/fa-regular-400.ttf]
[portotheme.com/html/porto_ecommerce/demo_13/assets/vendor/fontawesome-free/webfonts/fa-solid-900.eot]
[portotheme.com/html/porto_ecommerce/demo_13/assets/vendor/fontawesome-free/webfonts/fa-solid-900d41d.eot]
[portotheme.com/html/porto_ecommerce/demo_13/assets/vendor/fontawesome-free/webfonts/fa-solid-900.woff2]
[portotheme.com/html/porto_ecommerce/demo_13/assets/vendor/fontawesome-free/webfonts/fa-solid-900.woff]
[portotheme.com/html/porto_ecommerce/demo_13/assets/vendor/fontawesome-free/webfonts/fa-solid-900.ttf]
[portotheme.com/html/porto_ecommerce/demo_13/assets/vendor/fontawesome-free/css/all.min.css]
[portotheme.com/html/porto_ecommerce/demo_13/assets/images/banners/category-banner.jpg]
[portotheme.com/html/porto_ecommerce/demo_13/assets/images/products/product-11.jpg]
[portotheme.com/html/porto_ecommerce/demo_13/assets/images/products/product-12.jpg]
[portotheme.com/html/porto_ecommerce/demo_13/assets/images/products/product-13.jpg]
[portotheme.com/html/porto_ecommerce/demo_13/assets/images/products/product-14.jpg]
[portotheme.com/html/porto_ecommerce/demo_13/category.html]
[portotheme.com/html/porto_ecommerce/demo_13/category-banner-boxed-slider.html]
[portotheme.com/html/porto_ecommerce/demo_13/category-banner-boxed-image.html]
[portotheme.com/html/porto_ecommerce/demo_13/category-sidebar-right.html]
[portotheme.com/html/porto_ecommerce/demo_13/assets/js/nouislider.min.js]
[portotheme.com/html/porto_ecommerce/demo_13/category-flex-grid.html]
[portotheme.com/html/porto_ecommerce/demo_13/category-horizontal-filter1.html]
[portotheme.com/html/porto_ecommerce/demo_13/category-horizontal-filter2.html]
[portotheme.com/html/porto_ecommerce/demo_13/category-list.html]
[portotheme.com/html/porto_ecommerce/demo_13/category-infinite-scroll.html]
[portotheme.com/html/porto_ecommerce/demo_13/category-4col.html]
[portotheme.com/html/porto_ecommerce/demo_13/category-5col.html]
[portotheme.com/html/porto_ecommerce/demo_13/category-6col.html]
[portotheme.com/html/porto_ecommerce/demo_13/category-7col.html]
[portotheme.com/html/porto_ecommerce/demo_13/category-8col.html]
[portotheme.com/html/porto_ecommerce/demo_13/assets/images/products/zoom/product-1.jpg]
[portotheme.com/html/porto_ecommerce/demo_13/assets/images/products/zoom/product-1-big.jpg]
[portotheme.com/html/porto_ecommerce/demo_13/assets/images/products/zoom/product-2.jpg]
[portotheme.com/html/porto_ecommerce/demo_13/assets/images/products/zoom/product-2-big.jpg]
[portotheme.com/html/porto_ecommerce/demo_13/assets/images/products/zoom/product-3.jpg]
[portotheme.com/html/porto_ecommerce/demo_13/assets/images/products/zoom/product-3-big.jpg]
[portotheme.com/html/porto_ecommerce/demo_13/assets/images/products/zoom/product-4.jpg]
[portotheme.com/html/porto_ecommerce/demo_13/assets/images/products/zoom/product-4-big.jpg]
[portotheme.com/html/porto_ecommerce/demo_13/assets/images/avatar/avatar1.jpg]
[portotheme.com/html/porto_ecommerce/demo_13/assets/images/avatar/avatar2.jpg]
[portotheme.com/html/porto_ecommerce/demo_13/assets/images/avatar/avatar3.jpg]
[portotheme.com/html/porto_ecommerce/demo_13/product.html]
[portotheme.com/html/porto_ecommerce/demo_13/assets/images/products/single/extended/bg-4.jpg]
[portotheme.com/html/porto_ecommerce/demo_13/assets/images/products/single/extended/icon-play.png]
[portotheme.com/html/porto_ecommerce/demo_13/product-full-width.html]
[portotheme.com/html/porto_ecommerce/demo_13/assets/images/banners/banner-sidebar.jpg]
[portotheme.com/html/porto_ecommerce/demo_13/product-addcart-sticky.html]
[portotheme.com/html/porto_ecommerce/demo_13/assets/images/products/single/product-img.jpg]
[portotheme.com/html/porto_ecommerce/demo_13/product-sidebar-left.html]
[portotheme.com/html/porto_ecommerce/demo_13/assets/images/products/single/body-shape.png]
[portotheme.com/html/porto_ecommerce/demo_13/product-sticky-tab.html]
[portotheme.com/html/porto_ecommerce/demo_13/product-simple.html]
[portotheme.com/html/porto_ecommerce/demo_13/assets/images/products/single/extended/bg-1.jpg]
[portotheme.com/html/porto_ecommerce/demo_13/assets/images/products/single/extended/bg-2.jpg]
[portotheme.com/html/porto_ecommerce/demo_13/assets/images/products/single/extended/bg-3.jpg]
[portotheme.com/html/porto_ecommerce/demo_13/product-extended-layout.html]
[portotheme.com/html/porto_ecommerce/demo_13/product-grid-layout.html]
[portotheme.com/html/porto_ecommerce/demo_13/product-sticky-both.html]
[portotheme.com/html/porto_ecommerce/demo_13/product-sticky-info.html]
[portotheme.com/html/porto_ecommerce/demo_13/cart.html]
[portotheme.com/html/porto_ecommerce/demo_13/checkout-shipping.html]
[portotheme.com/html/porto_ecommerce/demo_13/checkout-shipping-2.html]
[portotheme.com/html/porto_ecommerce/demo_13/checkout-review.html]
[portotheme.com/html/porto_ecommerce/demo_13/dashboard.html]
[portotheme.com/html/porto_ecommerce/demo_13/my-account.html]
[portotheme.com/html/porto_ecommerce/demo_13/assets/images/page-header-bg.jpg]
[portotheme.com/html/porto_ecommerce/demo_13/assets/images/clients/client1.png]
[portotheme.com/html/porto_ecommerce/demo_13/assets/images/clients/client2.png]
[portotheme.com/html/porto_ecommerce/demo_13/about.html]
[portotheme.com/html/porto_ecommerce/demo_13/assets/images/blog/post-1.jpg]
[portotheme.com/html/porto_ecommerce/demo_13/assets/images/blog/post-2.jpg]
[portotheme.com/html/porto_ecommerce/demo_13/assets/images/blog/post-3.jpg]
[portotheme.com/html/porto_ecommerce/demo_13/assets/images/blog/widget/post-1.jpg]
[portotheme.com/html/porto_ecommerce/demo_13/assets/images/blog/widget/post-2.jpg]
[portotheme.com/html/porto_ecommerce/demo_13/blog.html]
[portotheme.com/html/porto_ecommerce/demo_13/assets/images/blog/author.jpg]
[portotheme.com/html/porto_ecommerce/demo_13/assets/images/blog/related/post-1.jpg]
[portotheme.com/html/porto_ecommerce/demo_13/assets/images/blog/related/post-2.jpg]
[portotheme.com/html/porto_ecommerce/demo_13/assets/images/blog/related/post-3.jpg]
[portotheme.com/html/porto_ecommerce/demo_13/single.html]
[portotheme.com/html/porto_ecommerce/demo_13/contact.html]
[portotheme.com/html/porto_ecommerce/demo_13/forgot-password.html]
[portotheme.com/html/porto_ecommerce/demo_13/login.html]
[www.portotheme.com/html/porto_ecommerce/demo_13/ajax/assets/images/products/zoom/product-1.91.delayed]
[www.portotheme.com/html/porto_ecommerce/demo_13/ajax/assets/images/products/zoom/product-1-big.jpg]
[www.portotheme.com/html/porto_ecommerce/demo_13/ajax/assets/images/products/zoom/product-2.jpg]
[www.portotheme.com/html/porto_ecommerce/demo_13/ajax/assets/images/products/zoom/product-2-big.jpg]
[www.portotheme.com/html/porto_ecommerce/demo_13/ajax/assets/images/products/zoom/product-3.jpg]
[www.portotheme.com/html/porto_ecommerce/demo_13/ajax/assets/images/products/zoom/product-3-big.jpg]
[www.portotheme.com/html/porto_ecommerce/demo_13/ajax/assets/images/products/zoom/product-4.jpg]
[www.portotheme.com/html/porto_ecommerce/demo_13/ajax/assets/images/products/zoom/product-4-big.jpg]
[portotheme.com/html/porto_ecommerce/demo_13/ajax/product-quick-view.html]
[portotheme.com/html/porto_ecommerce/demo_13/assets/images/products/small/product-1.jpg]
[portotheme.com/html/porto_ecommerce/demo_13/assets/images/products/small/product-2.jpg]
[portotheme.com/html/porto_ecommerce/demo_13/assets/images/products/small/product-3.jpg]
[portotheme.com/html/porto_ecommerce/demo_13/assets/images/products/small/product-4.jpg]
[portotheme.com/html/porto_ecommerce/demo_13/assets/images/products/small/product-5.jpg]
[portotheme.com/html/porto_ecommerce/demo_13/assets/images/products/small/product-6.jpg]
[portotheme.com/html/porto_ecommerce/demo_13/category-banner-full-width.html]
[portotheme.com/html/porto_ecommerce/demo_13/category-sidebar-left.html]
[portotheme.com/html/porto_ecommerce/demo_13/category-3col.html]
[www.portotheme.com/html/porto_ecommerce/demo_13/assets/images/owl.video.play.html]
[portotheme.com/html/porto_ecommerce/demo_13/assets/fonts/porto6e1d.svg]
[portotheme.com/html/porto_ecommerce/demo_13/assets/vendor/fontawesome-free/webfonts/fa-brands-400.svg]
[portotheme.com/html/porto_ecommerce/demo_13/assets/vendor/fontawesome-free/webfonts/fa-regular-400.svg]
[portotheme.com/html/porto_ecommerce/demo_13/assets/vendor/fontawesome-free/webfonts/fa-solid-900.svg]
[www.portotheme.com/html/porto_ecommerce/demo_13/ajax/assets/images/products/zoom/product-1.html]
[www.portotheme.com/html/porto_ecommerce/demo_13/ajax/assets/images/products/zoom/product-1-big.html]
[www.portotheme.com/html/porto_ecommerce/demo_13/ajax/assets/images/products/zoom/product-2.html]
[www.portotheme.com/html/porto_ecommerce/demo_13/ajax/assets/images/products/zoom/product-2-big.html]
[www.portotheme.com/html/porto_ecommerce/demo_13/ajax/assets/images/products/zoom/product-3.html]
[www.portotheme.com/html/porto_ecommerce/demo_13/ajax/assets/images/products/zoom/product-3-big.html]
[www.portotheme.com/html/porto_ecommerce/demo_13/ajax/assets/images/products/zoom/product-4.html]
[www.portotheme.com/html/porto_ecommerce/demo_13/ajax/assets/images/products/zoom/product-4-big.html]
